// Jest Snapshot v1, https://goo.gl/fbAQLP

exports[`Container renders correctly 1`] = `
.emotion-0 {
  max-width: 64rem;
  margin-left: auto;
  margin-right: auto;
}

<div
  className="emotion-0"
/>
`;
