// Jest Snapshot v1, https://goo.gl/fbAQLP

exports[`Skew renders correctly 1`] = `
.emotion-0 svg {
  position: absolute;
  bottom: 0;
  width: 100%;
  height: 10vh;
}

<div
  className="emotion-0"
>
  <svg
    preserveAspectRatio="none"
    viewBox="0 0 100 100"
    xmlns="http://www.w3.org/2000/svg"
  >
    <polygon
      fill="white"
      points="0,100 100,0 100,100"
    />
  </svg>
</div>
`;
